20 22
block,images/block/wall.png;block;block;block;block;block;block;block;block;block;block;block;block;block
block;           ;           ;           ;           ;           ;           ;           ;           ;           ;           ;           ;           ;block
block;           ;           ;           ;           ;           ;           ;           ;           ;           ;           ;           ;           ;block
block;           ;           ;           ;           ;           ;           ;           ;           ;           ;           ;           ;           ;block
block;           ;           ;           ;           ;           ;           ;           ;           ;           ;           ;           ;           ;block
block;           ;           ;           ;           ;           ;           ;           ;           ;           ;           ;           ;           ;
block;           ;           ;           ;           ;           ;           ;           ;           ;           ;           ;pickup_medkit,,100;           ;door,,lever,6.13
block;           ;           ;           ;           ;           ;           ;           ;           ;           ;block      ;block      ;block      ;block
block;           ;           ;playerspawn;           ;           ;           ;           ;           ;           ;forcefield,,inf;           ;       ;block
block;           ;           ;           ;           ;           ;           ;           ;           ;           ;forcefield,,inf;pickup_grenade;       ;block
block;           ;           ;           ;           ;           ;           ;           ;           ;           ;block;block;block;block
block;           ;           ;block,images/prop/table1.png,prop,3,2;           ;           ;           ;           ;           ;           ;destroyableblock;           ;      ;block
block;           ;           ;           ;           ;lever;           ;NPC,,self.state.switch_window(0),anvil;           ;;destroyableblock;pickup_ammo,,10;      ;block;teleport
block;jumppad,images/block/wall.png,10;block;block;block;block;block;block;block;block;block;block;block;block;block;block;block