50 20
block,;block,;block,;block,;block,;block,;block,;block,;block,;block,;block,;block,;block,;block,;block,;block,;block,;block,;block,;block,;block,;block,;block,;block,;block,;block,;block,;;;;;;;;;;;;;;;;;;;;;;;
block,;;;;;;;;;;;;;;;;;;;;;;;;;;block,;;;;;;;;;;;;;;;;;;;;;;;
block,;;;;;;;;;;;;;;;;;;;;;;;;;;block,;;;;;;;;;;;;;;;;;;;;;;;
block,;;;;;;;;;;;;;;;;;;;;;;;;;;block,;;;;;;;;;;;;;;;;;;;;;;;
block,;;;;;;;;;;;;;;;;;;;;;;;;;;block,;;;;;;;;;;;block,;block,;block,;block,;block,;block,;block,;block,;block,;block,;block,;block,;block,
block,;;;;;;;;;;;;;;;;;;;;;;;;;;block,;;;;;;;;;;;block,;;;;;;;;;;;;block,
block,;block,;block,;block,;block,;block,;block,;block,;block,;block,;;;playerspawn;;;;block,;block,;block,;block,;block,;block,;block,;block,;block,;block,;block,;;;;;;;;;;;block,;;;;;;;;;;;;block,
block,;;;;;;;;;;;;;;;;;;;;;;;;;;block,;;;;;;;;;;;block,;;;;;;;;;;;;block,
block,;;;;;;;;;;;;;;;;;;;;;;;;;;block,;block,;block,;block,;block,;block,;block,;block,;block,;block,;block,;block,;;;;;;;;;;;;block,
block,;;;;;;;;;;;;;;;;;;;;;;;;;;block,;;;;;;;;;;;block,;;;;;;;;;;;;block,
block,;;;;;;;;;;;;;;;;;;;;;;;;;;;;;;;;;;;;;;;;;;;;;;;;;block,
block,;;;;;;;;;;;;;;;;;;;;;;;;;;door,,player;;;;;;;;;;;door,,player;;;;;;;;;;;;block,
block,;block,;block,;block,;block,;block,;block,;block,;block,;block,;block,;block,;block,;block,;block,;block,;block,;block,;block,;block,;block,;block,;block,;block,;block,;block,;block,;block,;block,;block,;block,;block,;block,;block,;block,;block,;block,;block,;block,;block,;block,;block,;block,;block,;block,;block,;block,;block,;block,;block,
;;;;;;;;;;;;;;;;;;;;;;;;;;;;;;;;;;;;;;;;;;;;;;;;;
;;;;;;;;;;;;;;;;;;;;;;;;;;;;;;;;;;;;;;;;;;;;;;;;;
;;;;;;;;;;;;;;;;;;;;;;;;;;;;;;;;;;;;;;;;;;;;;;;;;
;;;;;;;;;;;;;;;;;;;;;;;;;;;;;;;;;;;;;;;;;;;;;;;;;
;;;;;;;;;;;;;;;;;;;;;;;;;;;;;;;;;;;;;;;;;;;;;;;;;
;;;;;;;;;;;;;;;;;;;;;;;;;;;;;;;;;;;;;;;;;;;;;;;;;
;;;;;;;;;;;;;;;;;;;;;;;;;;;;;;;;;;;;;;;;;;;;;;;;;
;;;;;;;;;;;;;;;;;;;;;;;;;;;;;;;;;;;;;;;;;;;;;;;;;
;;;;;;;;;;;;;;;;;;;;;;;;;;;;;;;;;;;;;;;;;;;;;;;;;
;;;;;;;;;;;;;;;;;;;;;;;;;;;;;;;;;;;;;;;;;;;;;;;;;
;;;;;;;;;;;;;;;;;;;;;;;;;;;;;;;;;;;;;;;;;;;;;;;;;
;;;;;;;;;;;;;;;;;;;;;;;;;;;;;;;;;;;;;;;;;;;;;;;;;